// Jest Snapshot v1, https://goo.gl/fbAQLP

exports[`Rating should render <Rating/> component 1`] = `
<div
  className="rating"
>
  <span>
    <i
      className="fa fa-star-o"
      id="star1"
    />
  </span>
  <span>
    <i
      className="fa fa-star-o"
      id="star2"
    />
  </span>
  <span>
    <i
      className="fa fa-star-o"
      id="star3"
    />
  </span>
  <span>
    <i
      className="fa fa-star-o"
      id="star4"
    />
  </span>
  <span>
    <i
      className="fa fa-star-o"
      id="star5"
    />
  </span>
  <span>
    0 reviews
  </span>
</div>
`;
